2026-05-16 15:21:58 [INFO] smirag: System prompt cargado (1594 caracteres)
2026-05-16 15:25:45 [INFO] smirag: ALL_SOURCES: 0 fuentes únicas indexadas.
2026-05-16 15:25:45 [INFO] smirag: spaCy activo: se usan lemas para normalizar las preguntas.
2026-05-17 12:26:04 [INFO] smirag: Consulta: hay manuales para windows 11?
2026-05-17 12:26:04 [INFO] smirag: Keywords: ['manuales', 'windows']
2026-05-20 20:38:53 [INFO] smirag: System prompt cargado (1594 caracteres)
2026-05-20 20:39:23 [INFO] smirag: ALL_SOURCES: 0 fuentes únicas indexadas.
2026-05-20 20:39:23 [INFO] smirag: spaCy activo: se usan lemas para normalizar las preguntas.
2026-05-20 20:39:28 [INFO] smirag: System prompt cargado (1594 caracteres)
2026-05-20 20:39:35 [INFO] smirag: ALL_SOURCES: 0 fuentes únicas indexadas.
2026-05-20 20:39:35 [INFO] smirag: spaCy activo: se usan lemas para normalizar las preguntas.
2026-05-20 20:40:51 [INFO] smirag: System prompt cargado (1594 caracteres)
2026-05-20 20:40:58 [INFO] smirag: ALL_SOURCES: 0 fuentes únicas indexadas.
2026-05-20 20:40:58 [INFO] smirag: spaCy activo: se usan lemas para normalizar las preguntas.
2026-05-20 20:41:02 [INFO] smirag: System prompt cargado (1594 caracteres)
2026-05-20 20:41:09 [INFO] smirag: ALL_SOURCES: 0 fuentes únicas indexadas.
2026-05-20 20:41:09 [INFO] smirag: spaCy activo: se usan lemas para normalizar las preguntas.
2026-05-20 20:45:47 [INFO] smirag: System prompt cargado (1594 caracteres)
2026-05-20 20:45:54 [INFO] smirag: ALL_SOURCES: 0 fuentes únicas indexadas.
2026-05-20 20:45:54 [INFO] smirag: spaCy activo: se usan lemas para normalizar las preguntas.
2026-05-20 20:46:16 [INFO] smirag: [lock] Lock de ingesta adquirido (PID 7672).
2026-05-20 20:46:42 [INFO] smirag: [lock] Lock de ingesta liberado (PID 7672).
2026-05-20 20:54:02 [INFO] smirag: [lock] Lock de ingesta adquirido (PID 12472).
2026-05-20 20:54:38 [INFO] smirag: [lock] Lock de ingesta liberado (PID 12472).
2026-05-20 20:59:17 [INFO] smirag: System prompt cargado (1594 caracteres)
2026-05-20 20:59:23 [INFO] smirag: ALL_SOURCES: 2 fuentes únicas indexadas.
2026-05-20 20:59:23 [INFO] smirag: spaCy activo: se usan lemas para normalizar las preguntas.
2026-05-20 20:59:28 [INFO] smirag: System prompt cargado (1594 caracteres)
2026-05-20 20:59:35 [INFO] smirag: ALL_SOURCES: 2 fuentes únicas indexadas.
2026-05-20 20:59:35 [INFO] smirag: spaCy activo: se usan lemas para normalizar las preguntas.
2026-05-20 21:03:03 [INFO] smirag: System prompt cargado (1594 caracteres)
2026-05-20 21:03:10 [INFO] smirag: ALL_SOURCES: 2 fuentes únicas indexadas.
2026-05-20 21:03:10 [INFO] smirag: spaCy activo: se usan lemas para normalizar las preguntas.
2026-05-20 21:03:14 [INFO] smirag: System prompt cargado (1594 caracteres)
2026-05-20 21:03:21 [INFO] smirag: ALL_SOURCES: 2 fuentes únicas indexadas.
2026-05-20 21:03:21 [INFO] smirag: spaCy activo: se usan lemas para normalizar las preguntas.
2026-05-20 21:04:18 [INFO] smirag: Consulta: quién es Alicia?
2026-05-20 21:04:18 [INFO] smirag: Keywords: ['alicia']
2026-05-20 21:04:18 [INFO] smirag: Añadidos 2 fragmentos por coincidencia de ruta.
2026-05-20 21:09:08 [INFO] smirag: System prompt cargado (1594 caracteres)
2026-05-20 21:09:15 [INFO] smirag: ALL_SOURCES: 2 fuentes únicas indexadas.
2026-05-20 21:09:15 [INFO] smirag: spaCy activo: se usan lemas para normalizar las preguntas.
2026-05-20 21:11:44 [INFO] smirag: Consulta: quién es Alicia?
2026-05-20 21:11:44 [INFO] smirag: Keywords: ['alicia']
2026-05-20 21:11:45 [INFO] smirag: Añadidos 2 fragmentos por coincidencia de ruta.
2026-05-20 21:11:47 [INFO] smirag: Resultado: found=False, docs=5, fuentes=['carroll, lewis - alicia en el pais de las maravillas.pdf', 'carroll, lewis - alicia a través del espejo.pdf']
2026-05-20 21:24:17 [INFO] smirag: [lock] Lock de ingesta adquirido (PID 12580).
2026-05-20 21:32:13 [INFO] smirag: [lock] Lock de ingesta liberado (PID 12580).
2026-05-20 23:57:24 [INFO] smirag: Consulta: gestión por procesos
2026-05-20 23:57:24 [INFO] smirag: Keywords: ['gestion', 'procesos']
2026-05-20 23:57:34 [INFO] smirag: Consulta: gestión por procesos
2026-05-20 23:57:34 [INFO] smirag: Keywords: ['gestion', 'procesos']
2026-05-20 23:58:12 [INFO] smirag: System prompt cargado (1594 caracteres)
2026-05-20 23:58:37 [INFO] smirag: ALL_SOURCES: 29 fuentes únicas indexadas.
2026-05-20 23:58:37 [INFO] smirag: spaCy activo: se usan lemas para normalizar las preguntas.
2026-05-20 23:58:42 [INFO] smirag: System prompt cargado (1594 caracteres)
2026-05-20 23:58:49 [INFO] smirag: ALL_SOURCES: 29 fuentes únicas indexadas.
2026-05-20 23:58:49 [INFO] smirag: spaCy activo: se usan lemas para normalizar las preguntas.
2026-05-20 23:58:58 [INFO] smirag: Consulta: gestión por procesos
2026-05-20 23:58:58 [INFO] smirag: Keywords: ['gestion', 'procesos']
2026-05-20 23:58:59 [INFO] smirag: Añadidos 12 fragmentos por coincidencia de ruta.
2026-05-20 23:59:01 [INFO] smirag: Resultado: found=True, docs=5, fuentes=['normativamoderniza\\pcm\\nt gestión por procesos 2025_nueva\\guía práctica 2025\\7260049-guia-practica-para-la-gestion-por-procesos.pdf', 'normativamoderniza\\pcm\\nt gestión por procesos 2025_nueva\\6501954-norma-tecnica-n-002-2025-pcm-sgp-f-f.pdf', 'normativamoderniza\\pcm\\guia pcm_implementación de la gestión por procesos.pdf.pdf']
2026-05-23 21:38:08 [INFO] smirag: System prompt cargado (1594 caracteres)
2026-05-23 21:38:36 [INFO] smirag: ALL_SOURCES: 29 fuentes únicas indexadas.
2026-05-23 21:38:36 [INFO] smirag: spaCy activo: se usan lemas para normalizar las preguntas.
2026-05-23 21:38:41 [INFO] smirag: System prompt cargado (1594 caracteres)
2026-05-23 21:38:48 [INFO] smirag: ALL_SOURCES: 29 fuentes únicas indexadas.
2026-05-23 21:38:48 [INFO] smirag: spaCy activo: se usan lemas para normalizar las preguntas.
2026-05-24 19:49:30 [INFO] smirag: System prompt cargado (1594 caracteres)
2026-05-24 19:49:58 [INFO] smirag: ALL_SOURCES: 29 fuentes únicas indexadas.
2026-05-24 19:49:58 [INFO] smirag: spaCy activo: se usan lemas para normalizar las preguntas.
2026-05-24 19:50:03 [INFO] smirag: System prompt cargado (1594 caracteres)
2026-05-24 19:50:10 [INFO] smirag: ALL_SOURCES: 29 fuentes únicas indexadas.
2026-05-24 19:50:10 [INFO] smirag: spaCy activo: se usan lemas para normalizar las preguntas.
2026-05-24 21:06:17 [INFO] smirag: [ingesta/sync] Iniciando ingesta in-process. folder=C:\Projects\mydocs
2026-05-24 21:06:22 [INFO] smirag: [ingesta/sync] Ingesta completada. procesados=0 eliminados=0
2026-05-24 21:06:23 [INFO] smirag: Vectorstore refrescado: 85 tokens en índice de rutas, 29 fuentes únicas.
2026-05-24 21:06:23 [INFO] smirag: [ingesta/sync] Restart solicitado pero sin cambios; se omite reinicio.
2026-05-24 21:16:48 [INFO] smirag: System prompt cargado (1594 caracteres)
2026-05-24 21:17:09 [INFO] smirag: ALL_SOURCES: 29 fuentes únicas indexadas.
2026-05-24 21:17:09 [INFO] smirag: spaCy activo: se usan lemas para normalizar las preguntas.
2026-05-24 21:17:14 [INFO] smirag: System prompt cargado (1594 caracteres)
2026-05-24 21:17:22 [INFO] smirag: ALL_SOURCES: 29 fuentes únicas indexadas.
2026-05-24 21:17:22 [INFO] smirag: spaCy activo: se usan lemas para normalizar las preguntas.
2026-05-24 21:19:18 [INFO] smirag: Consulta: ¿que es la Gestión por procesos?
2026-05-24 21:19:18 [INFO] smirag: Keywords: ['gestion', 'procesos']
2026-05-24 21:19:19 [INFO] smirag: Añadidos 12 fragmentos por coincidencia de ruta.
2026-05-24 21:19:23 [INFO] smirag: Resultado: found=True, docs=5, fuentes=['normativamoderniza\\pcm\\guia pcm_implementación de la gestión por procesos.pdf.pdf', 'normativamoderniza\\pcm\\nt gestión por procesos 2025_nueva\\guía práctica 2025\\7260049-guia-practica-para-la-gestion-por-procesos.pdf', 'normativamoderniza\\pcm\\nt gestión por procesos 2025_nueva\\6501954-norma-tecnica-n-002-2025-pcm-sgp-f-f.pdf']
2026-05-24 21:23:06 [INFO] smirag: [ingesta/sync] Iniciando ingesta in-process. folder=C:\Projects\mydocs
2026-05-24 21:23:10 [INFO] smirag: [ingesta/sync] Ingesta completada. procesados=1 eliminados=0
2026-05-24 21:23:10 [INFO] smirag: Vectorstore refrescado: 86 tokens en índice de rutas, 30 fuentes únicas.
2026-05-24 21:23:10 [INFO] smirag: [ingesta/sync] Reiniciando servidor tras ingesta con cambios (procesados=1 eliminados=0).
2026-05-24 21:23:10 [INFO] smirag: [restart] Lanzando reinicio desacoplado del servidor en puerto 8888...
2026-05-24 21:23:10 [WARNING] smirag: Notificación de ingesta respondió con status 404: {"success":false,"message":"Route not found"}
2026-05-24 21:24:01 [INFO] smirag: Consulta: ¿cómo se pela un tomate?
2026-05-24 21:24:01 [INFO] smirag: Keywords: ['pela', 'tomate']
2026-05-24 21:24:02 [INFO] smirag: Resultado: found=True, docs=5, fuentes=['faqs.md', 'normativamoderniza\\pcm\\servicios administrativos pnmgp_rsgp 001-2023.pdf', 'normativamoderniza\\pcm\\nt gestión del conocimiento 2025\\6501515-norma-tecnica-para-la-gestion-del-conocimiento-21-02-25-f-f.pdf']
2026-05-24 22:38:29 [INFO] smirag: System prompt cargado (1594 caracteres)
2026-05-24 22:38:55 [INFO] smirag: ALL_SOURCES: 30 fuentes únicas indexadas.
2026-05-24 22:38:55 [INFO] smirag: spaCy activo: se usan lemas para normalizar las preguntas.
2026-05-24 22:39:01 [INFO] smirag: System prompt cargado (1594 caracteres)
2026-05-24 22:39:08 [INFO] smirag: ALL_SOURCES: 30 fuentes únicas indexadas.
2026-05-24 22:39:08 [INFO] smirag: spaCy activo: se usan lemas para normalizar las preguntas.
2026-05-24 22:39:14 [INFO] smirag: System prompt cargado (1594 caracteres)
2026-05-24 22:39:21 [INFO] smirag: ALL_SOURCES: 30 fuentes únicas indexadas.
2026-05-24 22:39:21 [INFO] smirag: spaCy activo: se usan lemas para normalizar las preguntas.
2026-05-24 22:39:59 [INFO] smirag: System prompt cargado (1594 caracteres)
2026-05-24 22:40:06 [INFO] smirag: ALL_SOURCES: 30 fuentes únicas indexadas.
2026-05-24 22:40:06 [INFO] smirag: spaCy activo: se usan lemas para normalizar las preguntas.
2026-05-24 22:40:11 [INFO] smirag: System prompt cargado (1594 caracteres)
2026-05-24 22:40:18 [INFO] smirag: ALL_SOURCES: 30 fuentes únicas indexadas.
2026-05-24 22:40:18 [INFO] smirag: spaCy activo: se usan lemas para normalizar las preguntas.
2026-05-24 22:40:24 [INFO] smirag: System prompt cargado (1594 caracteres)
2026-05-24 22:40:31 [INFO] smirag: ALL_SOURCES: 30 fuentes únicas indexadas.
2026-05-24 22:40:31 [INFO] smirag: spaCy activo: se usan lemas para normalizar las preguntas.
2026-05-24 22:40:43 [INFO] smirag: System prompt cargado (1594 caracteres)
2026-05-24 22:40:52 [INFO] smirag: ALL_SOURCES: 30 fuentes únicas indexadas.
2026-05-24 22:40:52 [INFO] smirag: spaCy activo: se usan lemas para normalizar las preguntas.
